// Jest Snapshot v1, https://goo.gl/fbAQLP

exports[`HeaderButton renders snapshot correctly 1`] = `
<View
  accessible={true}
  collapsable={false}
  focusable={true}
  hitSlop={16}
  onBlur={[Function]}
  onClick={[Function]}
  onFocus={[Function]}
  onResponderGrant={[Function]}
  onResponderMove={[Function]}
  onResponderRelease={[Function]}
  onResponderTerminate={[Function]}
  onResponderTerminationRequest={[Function]}
  onStartShouldSetResponder={[Function]}
  style={
    [
      {
        "backgroundColor": "transparent",
        "opacity": 1,
      },
      {
        "alignItems": "center",
        "borderRadius": 30,
        "display": "flex",
        "height": 42,
        "justifyContent": "center",
        "marginHorizontal": 7,
        "width": 42,
      },
      undefined,
    ]
  }
>
  <arrow-left.svg
    color="#333333"
    testID="back_arrow"
  />
</View>
`;
