// Jest Snapshot v1, https://goo.gl/fbAQLP

exports[`CalculatorButton renders snapshot correctly 1`] = `
<View
  accessible={true}
  collapsable={false}
  focusable={false}
  onClick={[Function]}
  onResponderGrant={[Function]}
  onResponderMove={[Function]}
  onResponderRelease={[Function]}
  onResponderTerminate={[Function]}
  onResponderTerminationRequest={[Function]}
  onStartShouldSetResponder={[Function]}
  style={
    {
      "alignItems": "center",
      "backgroundColor": "#ffffff",
      "borderColor": "#bbbbbb",
      "borderRadius": 10,
      "borderWidth": 1,
      "flexDirection": "column",
      "height": 20,
      "justifyContent": "center",
      "opacity": 1,
      "width": 150,
    }
  }
  testID="calc_btn"
>
  <Text
    style={
      {
        "color": "#bbbbbb",
        "fontSize": 10,
      }
    }
  >
    test
  </Text>
</View>
`;
