// Jest Snapshot v1, https://goo.gl/fbAQLP

exports[`FAQ QuestionsScrollView renders snapshot correctly 1`] = `
[
  <Modal
    animationType="slide"
    backdropPressToClose={true}
    hardwareAccelerated={false}
    transparent={true}
    visible={false}
  />,
  <RCTScrollView>
    <View>
      <View
        accessible={true}
        collapsable={false}
        focusable={true}
        onClick={[Function]}
        onResponderGrant={[Function]}
        onResponderMove={[Function]}
        onResponderRelease={[Function]}
        onResponderTerminate={[Function]}
        onResponderTerminationRequest={[Function]}
        onStartShouldSetResponder={[Function]}
        style={
          {
            "borderBottomColor": "#dedede",
            "borderBottomWidth": 1,
            "opacity": 1,
          }
        }
        testID="faq_btn"
      >
        <View>
          <View
            style={
              {
                "borderBottomColor": "#dedede",
                "borderBottomWidth": 1,
              }
            }
          >
            <BVLinearGradient
              colors={
                [
                  0,
                  0,
                ]
              }
              endPoint={
                {
                  "x": 0.5,
                  "y": 1,
                }
              }
              locations={null}
              startPoint={
                {
                  "x": 0.5,
                  "y": 0,
                }
              }
              style={
                {
                  "alignItems": "center",
                  "flexDirection": "row",
                  "height": 70,
                  "justifyContent": "space-between",
                }
              }
            >
              <Text
                ellipsizeMode="tail"
                numberOfLines={2}
                style={
                  {
                    "color": "#333333",
                    "flexWrap": "wrap",
                    "fontFamily": "OpenSans",
                    "fontSize": 14,
                    "lineHeight": 20,
                    "paddingBottom": 10,
                    "paddingLeft": 20,
                    "paddingRight": 8,
                    "paddingTop": 10,
                    "width": 675,
                  }
                }
              >
                Is the Fit Body app available worldwide?
              </Text>
              <View
                style={
                  {
                    "justifyContent": "center",
                    "width": 75,
                  }
                }
              >
                <down.svg
                  color="#bbbbbb"
                />
              </View>
            </BVLinearGradient>
          </View>
          <View
            collapsable={false}
            style={{}}
          >
            <View />
          </View>
        </View>
      </View>
      <View
        accessible={true}
        collapsable={false}
        focusable={true}
        onClick={[Function]}
        onResponderGrant={[Function]}
        onResponderMove={[Function]}
        onResponderRelease={[Function]}
        onResponderTerminate={[Function]}
        onResponderTerminationRequest={[Function]}
        onStartShouldSetResponder={[Function]}
        style={
          {
            "borderBottomColor": "#dedede",
            "borderBottomWidth": 1,
            "opacity": 1,
          }
        }
        testID="faq_btn"
      >
        <View>
          <View
            style={
              {
                "borderBottomColor": "#dedede",
                "borderBottomWidth": 1,
              }
            }
          >
            <BVLinearGradient
              colors={
                [
                  0,
                  0,
                ]
              }
              endPoint={
                {
                  "x": 0.5,
                  "y": 1,
                }
              }
              locations={null}
              startPoint={
                {
                  "x": 0.5,
                  "y": 0,
                }
              }
              style={
                {
                  "alignItems": "center",
                  "flexDirection": "row",
                  "height": 70,
                  "justifyContent": "space-between",
                }
              }
            >
              <Text
                ellipsizeMode="tail"
                numberOfLines={2}
                style={
                  {
                    "color": "#333333",
                    "flexWrap": "wrap",
                    "fontFamily": "OpenSans",
                    "fontSize": 14,
                    "lineHeight": 20,
                    "paddingBottom": 10,
                    "paddingLeft": 20,
                    "paddingRight": 8,
                    "paddingTop": 10,
                    "width": 675,
                  }
                }
              >
                Which platforms offer the Fit Body app?
              </Text>
              <View
                style={
                  {
                    "justifyContent": "center",
                    "width": 75,
                  }
                }
              >
                <down.svg
                  color="#bbbbbb"
                />
              </View>
            </BVLinearGradient>
          </View>
          <View
            collapsable={false}
            style={{}}
          >
            <View />
          </View>
        </View>
      </View>
      <View
        accessible={true}
        collapsable={false}
        focusable={true}
        onClick={[Function]}
        onResponderGrant={[Function]}
        onResponderMove={[Function]}
        onResponderRelease={[Function]}
        onResponderTerminate={[Function]}
        onResponderTerminationRequest={[Function]}
        onStartShouldSetResponder={[Function]}
        style={
          {
            "borderBottomColor": "#dedede",
            "borderBottomWidth": 1,
            "opacity": 1,
          }
        }
        testID="faq_btn"
      >
        <View>
          <View
            style={
              {
                "borderBottomColor": "#dedede",
                "borderBottomWidth": 1,
              }
            }
          >
            <BVLinearGradient
              colors={
                [
                  0,
                  0,
                ]
              }
              endPoint={
                {
                  "x": 0.5,
                  "y": 1,
                }
              }
              locations={null}
              startPoint={
                {
                  "x": 0.5,
                  "y": 0,
                }
              }
              style={
                {
                  "alignItems": "center",
                  "flexDirection": "row",
                  "height": 70,
                  "justifyContent": "space-between",
                }
              }
            >
              <Text
                ellipsizeMode="tail"
                numberOfLines={2}
                style={
                  {
                    "color": "#333333",
                    "flexWrap": "wrap",
                    "fontFamily": "OpenSans",
                    "fontSize": 14,
                    "lineHeight": 20,
                    "paddingBottom": 10,
                    "paddingLeft": 20,
                    "paddingRight": 8,
                    "paddingTop": 10,
                    "width": 675,
                  }
                }
              >
                What are membership plans? How much do they cost?
              </Text>
              <View
                style={
                  {
                    "justifyContent": "center",
                    "width": 75,
                  }
                }
              >
                <down.svg
                  color="#bbbbbb"
                />
              </View>
            </BVLinearGradient>
          </View>
          <View
            collapsable={false}
            style={{}}
          >
            <View />
          </View>
        </View>
      </View>
      <View
        accessible={true}
        collapsable={false}
        focusable={true}
        onClick={[Function]}
        onResponderGrant={[Function]}
        onResponderMove={[Function]}
        onResponderRelease={[Function]}
        onResponderTerminate={[Function]}
        onResponderTerminationRequest={[Function]}
        onStartShouldSetResponder={[Function]}
        style={
          {
            "borderBottomColor": "#dedede",
            "borderBottomWidth": 1,
            "opacity": 1,
          }
        }
        testID="faq_btn"
      >
        <View>
          <View
            style={
              {
                "borderBottomColor": "#dedede",
                "borderBottomWidth": 1,
              }
            }
          >
            <BVLinearGradient
              colors={
                [
                  0,
                  0,
                ]
              }
              endPoint={
                {
                  "x": 0.5,
                  "y": 1,
                }
              }
              locations={null}
              startPoint={
                {
                  "x": 0.5,
                  "y": 0,
                }
              }
              style={
                {
                  "alignItems": "center",
                  "flexDirection": "row",
                  "height": 70,
                  "justifyContent": "space-between",
                }
              }
            >
              <Text
                ellipsizeMode="tail"
                numberOfLines={2}
                style={
                  {
                    "color": "#333333",
                    "flexWrap": "wrap",
                    "fontFamily": "OpenSans",
                    "fontSize": 14,
                    "lineHeight": 20,
                    "paddingBottom": 10,
                    "paddingLeft": 20,
                    "paddingRight": 8,
                    "paddingTop": 10,
                    "width": 675,
                  }
                }
              >
                Do you offer a military/student/healthcare discount?
              </Text>
              <View
                style={
                  {
                    "justifyContent": "center",
                    "width": 75,
                  }
                }
              >
                <down.svg
                  color="#bbbbbb"
                />
              </View>
            </BVLinearGradient>
          </View>
          <View
            collapsable={false}
            style={{}}
          >
            <View />
          </View>
        </View>
      </View>
      <View
        accessible={true}
        collapsable={false}
        focusable={true}
        onClick={[Function]}
        onResponderGrant={[Function]}
        onResponderMove={[Function]}
        onResponderRelease={[Function]}
        onResponderTerminate={[Function]}
        onResponderTerminationRequest={[Function]}
        onStartShouldSetResponder={[Function]}
        style={
          {
            "borderBottomColor": "#dedede",
            "borderBottomWidth": 1,
            "opacity": 1,
          }
        }
        testID="faq_btn"
      >
        <View>
          <View
            style={
              {
                "borderBottomColor": "#dedede",
                "borderBottomWidth": 1,
              }
            }
          >
            <BVLinearGradient
              colors={
                [
                  0,
                  0,
                ]
              }
              endPoint={
                {
                  "x": 0.5,
                  "y": 1,
                }
              }
              locations={null}
              startPoint={
                {
                  "x": 0.5,
                  "y": 0,
                }
              }
              style={
                {
                  "alignItems": "center",
                  "flexDirection": "row",
                  "height": 70,
                  "justifyContent": "space-between",
                }
              }
            >
              <Text
                ellipsizeMode="tail"
                numberOfLines={2}
                style={
                  {
                    "color": "#333333",
                    "flexWrap": "wrap",
                    "fontFamily": "OpenSans",
                    "fontSize": 14,
                    "lineHeight": 20,
                    "paddingBottom": 10,
                    "paddingLeft": 20,
                    "paddingRight": 8,
                    "paddingTop": 10,
                    "width": 675,
                  }
                }
              >
                How do I change my membership plan?
              </Text>
              <View
                style={
                  {
                    "justifyContent": "center",
                    "width": 75,
                  }
                }
              >
                <down.svg
                  color="#bbbbbb"
                />
              </View>
            </BVLinearGradient>
          </View>
          <View
            collapsable={false}
            style={{}}
          >
            <View />
          </View>
        </View>
      </View>
      <View
        accessible={true}
        collapsable={false}
        focusable={true}
        onClick={[Function]}
        onResponderGrant={[Function]}
        onResponderMove={[Function]}
        onResponderRelease={[Function]}
        onResponderTerminate={[Function]}
        onResponderTerminationRequest={[Function]}
        onStartShouldSetResponder={[Function]}
        style={
          {
            "borderBottomColor": "#dedede",
            "borderBottomWidth": 1,
            "opacity": 1,
          }
        }
        testID="faq_btn"
      >
        <View>
          <View
            style={
              {
                "borderBottomColor": "#dedede",
                "borderBottomWidth": 1,
              }
            }
          >
            <BVLinearGradient
              colors={
                [
                  0,
                  0,
                ]
              }
              endPoint={
                {
                  "x": 0.5,
                  "y": 1,
                }
              }
              locations={null}
              startPoint={
                {
                  "x": 0.5,
                  "y": 0,
                }
              }
              style={
                {
                  "alignItems": "center",
                  "flexDirection": "row",
                  "height": 70,
                  "justifyContent": "space-between",
                }
              }
            >
              <Text
                ellipsizeMode="tail"
                numberOfLines={2}
                style={
                  {
                    "color": "#333333",
                    "flexWrap": "wrap",
                    "fontFamily": "OpenSans",
                    "fontSize": 14,
                    "lineHeight": 20,
                    "paddingBottom": 10,
                    "paddingLeft": 20,
                    "paddingRight": 8,
                    "paddingTop": 10,
                    "width": 675,
                  }
                }
              >
                How do I cancel my membership?
              </Text>
              <View
                style={
                  {
                    "justifyContent": "center",
                    "width": 75,
                  }
                }
              >
                <down.svg
                  color="#bbbbbb"
                />
              </View>
            </BVLinearGradient>
          </View>
          <View
            collapsable={false}
            style={{}}
          >
            <View />
          </View>
        </View>
      </View>
      <View
        accessible={true}
        collapsable={false}
        focusable={true}
        onClick={[Function]}
        onResponderGrant={[Function]}
        onResponderMove={[Function]}
        onResponderRelease={[Function]}
        onResponderTerminate={[Function]}
        onResponderTerminationRequest={[Function]}
        onStartShouldSetResponder={[Function]}
        style={
          {
            "borderBottomColor": "#dedede",
            "borderBottomWidth": 1,
            "opacity": 1,
          }
        }
        testID="faq_btn"
      >
        <View>
          <View
            style={
              {
                "borderBottomColor": "#dedede",
                "borderBottomWidth": 1,
              }
            }
          >
            <BVLinearGradient
              colors={
                [
                  0,
                  0,
                ]
              }
              endPoint={
                {
                  "x": 0.5,
                  "y": 1,
                }
              }
              locations={null}
              startPoint={
                {
                  "x": 0.5,
                  "y": 0,
                }
              }
              style={
                {
                  "alignItems": "center",
                  "flexDirection": "row",
                  "height": 70,
                  "justifyContent": "space-between",
                }
              }
            >
              <Text
                ellipsizeMode="tail"
                numberOfLines={2}
                style={
                  {
                    "color": "#333333",
                    "flexWrap": "wrap",
                    "fontFamily": "OpenSans",
                    "fontSize": 14,
                    "lineHeight": 20,
                    "paddingBottom": 10,
                    "paddingLeft": 20,
                    "paddingRight": 8,
                    "paddingTop": 10,
                    "width": 675,
                  }
                }
              >
                How do I watch the On Demand classes on my TV?
              </Text>
              <View
                style={
                  {
                    "justifyContent": "center",
                    "width": 75,
                  }
                }
              >
                <down.svg
                  color="#bbbbbb"
                />
              </View>
            </BVLinearGradient>
          </View>
          <View
            collapsable={false}
            style={{}}
          >
            <View />
          </View>
        </View>
      </View>
      <View
        accessible={true}
        collapsable={false}
        focusable={true}
        onClick={[Function]}
        onResponderGrant={[Function]}
        onResponderMove={[Function]}
        onResponderRelease={[Function]}
        onResponderTerminate={[Function]}
        onResponderTerminationRequest={[Function]}
        onStartShouldSetResponder={[Function]}
        style={
          {
            "borderBottomColor": "#dedede",
            "borderBottomWidth": 1,
            "opacity": 1,
          }
        }
        testID="faq_btn"
      >
        <View>
          <View
            style={
              {
                "borderBottomColor": "#dedede",
                "borderBottomWidth": 1,
              }
            }
          >
            <BVLinearGradient
              colors={
                [
                  0,
                  0,
                ]
              }
              endPoint={
                {
                  "x": 0.5,
                  "y": 1,
                }
              }
              locations={null}
              startPoint={
                {
                  "x": 0.5,
                  "y": 0,
                }
              }
              style={
                {
                  "alignItems": "center",
                  "flexDirection": "row",
                  "height": 70,
                  "justifyContent": "space-between",
                }
              }
            >
              <Text
                ellipsizeMode="tail"
                numberOfLines={2}
                style={
                  {
                    "color": "#333333",
                    "flexWrap": "wrap",
                    "fontFamily": "OpenSans",
                    "fontSize": 14,
                    "lineHeight": 20,
                    "paddingBottom": 10,
                    "paddingLeft": 20,
                    "paddingRight": 8,
                    "paddingTop": 10,
                    "width": 675,
                  }
                }
              >
                Still have a question about your membership not answered here?
              </Text>
              <View
                style={
                  {
                    "justifyContent": "center",
                    "width": 75,
                  }
                }
              >
                <down.svg
                  color="#bbbbbb"
                />
              </View>
            </BVLinearGradient>
          </View>
          <View
            collapsable={false}
            style={{}}
          >
            <View />
          </View>
        </View>
      </View>
    </View>
  </RCTScrollView>,
]
`;
